// Jest Snapshot v1, https://goo.gl/fbAQLP

exports[`Map snapShot 1`] = `
<View
  style={
    Object {
      "alignItems": "center",
      "height": 450,
      "justifyContent": "center",
      "width": 750,
    }
  }
>
  <View
    style={
      Object {
        "alignItems": "center",
        "backgroundColor": "black",
        "borderColor": "#666",
        "borderStyle": "solid",
        "borderWidth": 1,
        "height": 412.50000000000006,
        "justifyContent": "center",
        "width": 549.8625000000001,
      }
    }
  >
    <View
      accessible={true}
      isTVSelectable={true}
      onResponderGrant={[Function]}
      onResponderMove={[Function]}
      onResponderRelease={[Function]}
      onResponderTerminate={[Function]}
      onResponderTerminationRequest={[Function]}
      onStartShouldSetResponder={[Function]}
      style={
        Object {
          "alignItems": "center",
          "height": "100%",
          "justifyContent": "center",
          "width": "100%",
        }
      }
    >
      <View
        style={
          Object {
            "height": "100%",
            "width": "100%",
          }
        }
      >
        <Image
          source={
            Object {
              "testUri": "../../../src/images/mapPlaceholder.png",
            }
          }
          style={
            Object {
              "height": "100%",
              "width": "100%",
            }
          }
        />
        <View
          style={
            Object {
              "alignItems": "center",
              "height": "100%",
              "justifyContent": "center",
              "position": "absolute",
              "width": "100%",
            }
          }
        >
          <Text
            style={
              Object {
                "color": "white",
                "fontSize": 20,
              }
            }
          >
            Click to show map
          </Text>
        </View>
      </View>
    </View>
  </View>
</View>
`;
